MySQL Shell 8.0.40

Copyright (c) 2016, 2024, Oracle and/or its affiliates.
Oracle is a registered trademark of Oracle Corporation and/or its affiliates.
Other names may be trademarks of their respective owners.

Type '\help' or '\?' for help; '\quit' to exit.
 MySQL  JS > \sql
Switching to SQL mode... Commands end with ;
 MySQL  SQL > \connect --mc root@localhost
Creating a Classic session to 'root@localhost'
Fetching global names for auto-completion... Press ^C to stop.
Your MySQL connection id is 40
Server version: 8.0.40 MySQL Community Server - GPL
No default schema selected; type \use <schema> to set one.
 MySQL  localhost:3306 ssl  SQL > SHOW DATABASES;
+--------------------+
| Database           |
+--------------------+
| ejemplo            |
| information_schema |
| mysql              |
| performance_schema |
| sakila             |
| sys                |
| tbd3_ex            |
| world              |
+--------------------+
8 rows in set (0.0009 sec)
 MySQL  localhost:3306 ssl  SQL > USE tbd3_ex;
Default schema set to `tbd3_ex`.
Fetching global names, object names from `tbd3_ex` for auto-completion... Press ^C to stop.
 MySQL  localhost:3306 ssl  tbd3_ex  SQL > SHOW TABLES;
+----------------------------+
| Tables_in_tbd3_ex          |
+----------------------------+
| consecutivos               |
| cuartos                    |
| cuentas_pacientes          |
| cuentas_pacientes_detalles |
| direcciones                |
| direcciones_empleados      |
| direcciones_pacientes      |
| empleados                  |
| formas_pago                |
| formas_pago_pacientes      |
| pacientes                  |
| registro_pacientes         |
+----------------------------+
12 rows in set (0.0010 sec)
 MySQL  localhost:3306 ssl  tbd3_ex  SQL > ALTER TABLE pacientes ADD COLUMN nss VARCHAR(14) NULL;
Query OK, 0 rows affected (0.0117 sec)

Records: 0  Duplicates: 0  Warnings: 0
 MySQL  localhost:3306 ssl  tbd3_ex  SQL > CALL GENERAR_NSS(1, 1990, '1990-05-15', @NSS_COMPLETO);
ERROR: 1318 (42000): Incorrect number of arguments for PROCEDURE tbd3_ex.GENERAR_NSS; expected 3, got 4
 MySQL  localhost:3306 ssl  tbd3_ex  SQL > SET @NSS_COMPLETO = NULL;
Query OK, 0 rows affected (0.0012 sec)
 MySQL  localhost:3306 ssl  tbd3_ex  SQL > CALL GENERAR_NSS(1, 1990, '1990-05-15', @NSS_COMPLETO);
ERROR: 1318 (42000): Incorrect number of arguments for PROCEDURE tbd3_ex.GENERAR_NSS; expected 3, got 4
 MySQL  localhost:3306 ssl  tbd3_ex  SQL > CALL GENERAR_NSS(1, 1990, '1990-05-15');
ERROR: 1292 (22007): Incorrect date value: '1990' for column 'FECHA_NACIMIENTO' at row 1
 MySQL  localhost:3306 ssl  tbd3_ex  SQL > DESC pacientes;
+----------------------+------------------------------+------+-----+---------+----------------+
| Field                | Type                         | Null | Key | Default | Extra          |
+----------------------+------------------------------+------+-----+---------+----------------+
| paciente_id          | int                          | NO   | PRI | NULL    | auto_increment |
| nombre               | varchar(100)                 | NO   |     | NULL    |                |
| apellido_pat         | varchar(100)                 | NO   |     | NULL    |                |
| apellido_mat         | varchar(100)                 | NO   |     | NULL    |                |
| fecha_nacimiento     | date                         | NO   |     | NULL    |                |
| peso                 | double                       | NO   |     | NULL    |                |
| altura               | double                       | NO   |     | NULL    |                |
| numero_seguro_social | varchar(15)                  | NO   |     | NULL    |                |
| genero               | enum('masculino','femenino') | YES  |     | NULL    |                |
| telefono_casa        | varchar(20)                  | YES  |     | NULL    |                |
| telefono_trabajo     | varchar(20)                  | YES  |     | NULL    |                |
| telefono_movil       | varchar(20)                  | YES  |     | NULL    |                |
| otros                | varchar(255)                 | YES  |     | NULL    |                |
| nss                  | varchar(14)                  | YES  |     | NULL    |                |
+----------------------+------------------------------+------+-----+---------+----------------+
14 rows in set (0.0016 sec)
 MySQL  localhost:3306 ssl  tbd3_ex  SQL > ALTER TABLE pacientes MODIFY COLUMN nss VARCHAR(15);
Query OK, 0 rows affected (0.0070 sec)

Records: 0  Duplicates: 0  Warnings: 0
 MySQL  localhost:3306 ssl  tbd3_ex  SQL > CALL GENERAR_NSS(1, 2003, '2003-04-20', @NSS_COMPLETO);
Query OK, 1 row affected (0.0026 sec)
 MySQL  localhost:3306 ssl  tbd3_ex  SQL > SELECT @NSS_COMPLETO;
+-----------------+
| @NSS_COMPLETO   |
+-----------------+
| 33-21-03-1005-9 |
+-----------------+
1 row in set (0.0003 sec)
 MySQL  localhost:3306 ssl  tbd3_ex  SQL > UPDATE pacientes SET nss = @NSS_COMPLETO WHERE paciente_id = 1;
Query OK, 1 row affected (0.0026 sec)

Rows matched: 1  Changed: 1  Warnings: 0
 MySQL  localhost:3306 ssl  tbd3_ex  SQL > SELECT paciente_id, nss FROM pacientes WHERE paciente_id = 1;
+-------------+-----------------+
| paciente_id | nss             |
+-------------+-----------------+
|           1 | 33-21-03-1005-9 |
+-------------+-----------------+
1 row in set (0.0004 sec)
 MySQL  localhost:3306 ssl  tbd3_ex  SQL > SELECT * FROM pacientes LIMIT 1;
+-------------+--------+--------------+--------------+------------------+------+--------+----------------------+-----------+---------------+------------------+----------------+-------+-----------------+
| paciente_id | nombre | apellido_pat | apellido_mat | fecha_nacimiento | peso | altura | numero_seguro_social | genero    | telefono_casa | telefono_trabajo | telefono_movil | otros | nss             |
+-------------+--------+--------------+--------------+------------------+------+--------+----------------------+-----------+---------------+------------------+----------------+-------+-----------------+
|           1 | Georgi | Facello      | Facello      | 1960-02-20       |   93 |   1.99 | 10001                | masculino | NULL          | NULL             | NULL           | NULL  | 33-21-03-1005-9 |
+-------------+--------+--------------+--------------+------------------+------+--------+----------------------+-----------+---------------+------------------+----------------+-------+-----------------+
1 row in set (0.0004 sec)
 MySQL  localhost:3306 ssl  tbd3_ex  SQL > CREATE TABLE pagos (
                                        ->     pago_id INT PRIMARY KEY AUTO_INCREMENT,
                                        ->     paciente_id INT,
                                        ->     tipo_pago VARCHAR(50),
                                        ->     monto DECIMAL(10, 2),
                                        ->     FOREIGN KEY (paciente_id) REFERENCES pacientes(paciente_id)
                                        -> );
Query OK, 0 rows affected (0.0173 sec)
 MySQL  localhost:3306 ssl  tbd3_ex  SQL > INSERT INTO pagos (paciente_id, tipo_pago, monto)
                                        -> VALUES
                                        -> (1, 'EFECTIVO', 1525.00),
                                        -> (1, 'CHEQUE', 3422.00),
                                        -> (1, 'TARJETA DÉBITO', 3280.00),
                                        -> (1, NULL, 1000.00);
Query OK, 4 rows affected (0.0028 sec)

Records: 4  Duplicates: 0  Warnings: 0
 MySQL  localhost:3306 ssl  tbd3_ex  SQL > CALL ACTUALIZAR_PAGOS(1);
ERROR: 1305 (42000): PROCEDURE tbd3_ex.ACTUALIZAR_PAGOS does not exist
 MySQL  localhost:3306 ssl  tbd3_ex  SQL > CALL ACTUALIZAR_PAGOS(1);
ERROR: 1305 (42000): PROCEDURE tbd3_ex.ACTUALIZAR_PAGOS does not exist
 MySQL  localhost:3306 ssl  tbd3_ex  SQL > CALL ACTUALIZAR_PAGOS(1);
+----------------+---------+
| tipo_pago      | monto   |
+----------------+---------+
| EFECTIVO       | 1525.00 |
| CHEQUE         | 3422.00 |
| TARJETA DÉBITO | 3280.00 |
| NULL           | 1000.00 |
| SIN PAGO       | 1000.00 |
+----------------+---------+
5 rows in set (0.0023 sec)

Query OK, 0 rows affected (0.0023 sec)
 MySQL  localhost:3306 ssl  tbd3_ex  SQL > SHOW TRIGGERS;
+------------------------------------------+--------+----------------------------+--------------------------------------------------------------------------------------------------------------------------------------------------------------------------------------------------------------------------------------------------------------------------------------------------------+--------+------------------------+-----------------------------------------------------------------------------------------------------------------------+----------------+----------------------+----------------------+--------------------+
| Trigger                                  | Event  | Table                      | Statement


                                                                        | Timing | Created
    | sql_mode
                      | Definer        | character_set_client | collation_connection | Database Collation |
+------------------------------------------+--------+----------------------------+--------------------------------------------------------------------------------------------------------------------------------------------------------------------------------------------------------------------------------------------------------------------------------------------------------+--------+------------------------+-----------------------------------------------------------------------------------------------------------------------+----------------+----------------------+----------------------+--------------------+
| cuartos_AFTER_UPDATE                     | UPDATE | cuartos                    | BEGIN
    UPDATE cuartos SET paciente_id = NEW.paciente_id WHERE paciente_id = OLD.paciente_id;
END
                                                                                                 | AFTER  | 2024-12-07 13:53:00.95 | ONLY_FULL_GROUP_BY,STRICT_TRANS_TABLES,NO_ZERO_IN_DATE,NO_ZERO_DATE,ERROR_FOR_DIVISION_BY_ZERO,NO_ENGINE_SUBSTITUTION | root@localhost | utf8mb4              | utf8mb4_0900_ai_ci   | utf8mb4_0900_ai_ci |
| cuartos_AFTER_DELETE                     | DELETE | cuartos                    | BEGIN
    DELETE FROM cuartos WHERE paciente_id = OLD.paciente_id;
END

                        | AFTER  | 2024-12-07 13:52:39.35 | ONLY_FULL_GROUP_BY,STRICT_TRANS_TABLES,NO_ZERO_IN_DATE,NO_ZERO_DATE,ERROR_FOR_DIVISION_BY_ZERO,NO_ENGINE_SUBSTITUTION | root@localhost | utf8mb4              | utf8mb4_0900_ai_ci   | utf8mb4_0900_ai_ci |
| cuentas_pacientes_AFTER_UPDATE           | UPDATE | cuentas_pacientes          | BEGIN
    UPDATE cuentas_pacientes SET paciente_id = NEW.paciente_id WHERE paciente_id = OLD.paciente_id;
END
                                                                                       | AFTER  | 2024-12-07 13:57:18.96 | ONLY_FULL_GROUP_BY,STRICT_TRANS_TABLES,NO_ZERO_IN_DATE,NO_ZERO_DATE,ERROR_FOR_DIVISION_BY_ZERO,NO_ENGINE_SUBSTITUTION | root@localhost | utf8mb4              | utf8mb4_0900_ai_ci   | utf8mb4_0900_ai_ci |
| cuentas_pacientes_AFTER_DELETE           | DELETE | cuentas_pacientes          | BEGIN
    DELETE FROM cuentas_pacientes WHERE paciente_id = OLD.paciente_id;
END

              | AFTER  | 2024-12-07 13:57:01.93 | ONLY_FULL_GROUP_BY,STRICT_TRANS_TABLES,NO_ZERO_IN_DATE,NO_ZERO_DATE,ERROR_FOR_DIVISION_BY_ZERO,NO_ENGINE_SUBSTITUTION | root@localhost | utf8mb4
    | utf8mb4_0900_ai_ci   | utf8mb4_0900_ai_ci |
| cuentas_pacientes_detalles_AFTER_UPDATE  | UPDATE | cuentas_pacientes_detalles | BEGIN
    UPDATE cuentas_pacientes_detalles SET cuentas_pacientes_id = NEW.cuentas_pacientes_id WHERE cuentas_pacientes_id = OLD.cuentas_pacientes_id;
END
                                          | AFTER  | 2024-12-07 13:59:12.21 | ONLY_FULL_GROUP_BY,STRICT_TRANS_TABLES,NO_ZERO_IN_DATE,NO_ZERO_DATE,ERROR_FOR_DIVISION_BY_ZERO,NO_ENGINE_SUBSTITUTION | root@localhost | utf8mb4              | utf8mb4_0900_ai_ci   | utf8mb4_0900_ai_ci |
| cuentas_pacientes_detalles_AFTER_DELETE  | DELETE | cuentas_pacientes_detalles | BEGIN
    DELETE FROM cuentas_pacientes_detalles WHERE cuentas_pacientes_id = OLD.cuentas_pacientes_id;
END
                                                                                         | AFTER  | 2024-12-07 13:58:59.62 | ONLY_FULL_GROUP_BY,STRICT_TRANS_TABLES,NO_ZERO_IN_DATE,NO_ZERO_DATE,ERROR_FOR_DIVISION_BY_ZERO,NO_ENGINE_SUBSTITUTION | root@localhost | utf8mb4              | utf8mb4_0900_ai_ci   | utf8mb4_0900_ai_ci |
| direcciones_BEFORE_DELETE                | DELETE | direcciones                | BEGIN
  DELETE FROM direcciones_empleados WHERE direccion_id = OLD.direccion_id;
END

          | BEFORE | 2024-12-07 00:11:45.11 | ONLY_FULL_GROUP_BY,STRICT_TRANS_TABLES,NO_ZERO_IN_DATE,NO_ZERO_DATE,ERROR_FOR_DIVISION_BY_ZERO,NO_ENGINE_SUBSTITUTION | root@localhost | utf8mb4
| utf8mb4_0900_ai_ci   | utf8mb4_0900_ai_ci |
| direcciones_empleados_AFTER_UPDATE       | UPDATE | direcciones_empleados      | BEGIN
    UPDATE direcciones_empleados SET empleados_id = NEW.empleados_id WHERE empleados_id = OLD.empleados_id;
END
                                                                               | AFTER  | 2024-12-07 13:59:45.12 | ONLY_FULL_GROUP_BY,STRICT_TRANS_TABLES,NO_ZERO_IN_DATE,NO_ZERO_DATE,ERROR_FOR_DIVISION_BY_ZERO,NO_ENGINE_SUBSTITUTION | root@localhost | utf8mb4              | utf8mb4_0900_ai_ci   | utf8mb4_0900_ai_ci |
| direcciones_empleados_AFTER_DELETE       | DELETE | direcciones_empleados      | BEGIN
    DELETE FROM direcciones_empleados WHERE empleados_id = OLD.empleados_id;
END

        | AFTER  | 2024-12-07 13:59:33.42 | ONLY_FULL_GROUP_BY,STRICT_TRANS_TABLES,NO_ZERO_IN_DATE,NO_ZERO_DATE,ERROR_FOR_DIVISION_BY_ZERO,NO_ENGINE_SUBSTITUTION | root@localhost | utf8mb4              | utf8mb4_0900_ai_ci   | utf8mb4_0900_ai_ci |
| formas_pago_AFTER_UPDATE                 | UPDATE | formas_pago                | BEGIN
    UPDATE formas_pago_pacientes SET forma_pago_id = NEW.forma_pago_id WHERE forma_pago_id = OLD.forma_pago_id;
END
                                                                           | AFTER  | 2024-12-07 14:05:48.95 | ONLY_FULL_GROUP_BY,STRICT_TRANS_TABLES,NO_ZERO_IN_DATE,NO_ZERO_DATE,ERROR_FOR_DIVISION_BY_ZERO,NO_ENGINE_SUBSTITUTION | root@localhost | utf8mb4              | utf8mb4_0900_ai_ci   | utf8mb4_0900_ai_ci |
| formas_pago_AFTER_DELETE                 | DELETE | formas_pago                | BEGIN
    DELETE FROM formas_pago_pacientes WHERE forma_pago_id = OLD.forma_pago_id;
END

      | AFTER  | 2024-12-07 14:05:34.36 | ONLY_FULL_GROUP_BY,STRICT_TRANS_TABLES,NO_ZERO_IN_DATE,NO_ZERO_DATE,ERROR_FOR_DIVISION_BY_ZERO,NO_ENGINE_SUBSTITUTION | root@localhost | utf8mb4              | utf8mb4_0900_ai_ci   | utf8mb4_0900_ai_ci |
| formas_pago_pacientes_AFTER_UPDATE       | UPDATE | formas_pago_pacientes      | BEGIN
    UPDATE formas_pago_pacientes SET paciente_id = NEW.paciente_id WHERE paciente_id = OLD.paciente_id;
END
                                                                                   | AFTER  | 2024-12-07 13:58:32.13 | ONLY_FULL_GROUP_BY,STRICT_TRANS_TABLES,NO_ZERO_IN_DATE,NO_ZERO_DATE,ERROR_FOR_DIVISION_BY_ZERO,NO_ENGINE_SUBSTITUTION | root@localhost | utf8mb4              | utf8mb4_0900_ai_ci   | utf8mb4_0900_ai_ci |
| formas_pago_pacientes_AFTER_DELETE       | DELETE | formas_pago_pacientes      | BEGIN
    DELETE FROM formas_pago_pacientes WHERE paciente_id = OLD.paciente_id;
END

          | AFTER  | 2024-12-07 13:58:16.01 | ONLY_FULL_GROUP_BY,STRICT_TRANS_TABLES,NO_ZERO_IN_DATE,NO_ZERO_DATE,ERROR_FOR_DIVISION_BY_ZERO,NO_ENGINE_SUBSTITUTION | root@localhost | utf8mb4
| utf8mb4_0900_ai_ci   | utf8mb4_0900_ai_ci |
| pacientes_BEFORE_UPDATE                  | UPDATE | pacientes                  | BEGIN
  UPDATE cuentas_pacientes
  SET paciente_id = NEW.paciente_id
  WHERE paciente_id = OLD.paciente_id;
END
                                                                                     | BEFORE | 2024-12-07 00:05:27.55 | ONLY_FULL_GROUP_BY,STRICT_TRANS_TABLES,NO_ZERO_IN_DATE,NO_ZERO_DATE,ERROR_FOR_DIVISION_BY_ZERO,NO_ENGINE_SUBSTITUTION | root@localhost | utf8mb4              | utf8mb4_0900_ai_ci   | utf8mb4_0900_ai_ci |
| pacientes_BEFORE_DELETE                  | DELETE | pacientes                  | BEGIN
  DECLARE count INT;
  SELECT COUNT(*) INTO count
  FROM cuentas_pacientes
  WHERE paciente_id = OLD.paciente_id;

  IF count > 0 THEN
    SIGNAL SQLSTATE '45000' SET MESSAGE_TEXT = 'No se puede eliminar el paciente porque tiene registros relacionados en cuentas_pacientes';
  END IF;
END | BEFORE | 2024-12-07 00:06:09.58 | ONLY_FULL_GROUP_BY,STRICT_TRANS_TABLES,NO_ZERO_IN_DATE,NO_ZERO_DATE,ERROR_FOR_DIVISION_BY_ZERO,NO_ENGINE_SUBSTITUTION | root@localhost | utf8mb4              | utf8mb4_0900_ai_ci   | utf8mb4_0900_ai_ci |
| borrado_en_cascada_direcciones_pacientes | DELETE | pacientes                  | BEGIN
    DELETE FROM direcciones_pacientes WHERE paciente_id = OLD.paciente_id;
END

          | AFTER  | 2024-12-07 14:01:08.84 | ONLY_FULL_GROUP_BY,STRICT_TRANS_TABLES,NO_ZERO_IN_DATE,NO_ZERO_DATE,ERROR_FOR_DIVISION_BY_ZERO,NO_ENGINE_SUBSTITUTION | root@localhost | utf8mb4
| utf8mb4_0900_ai_ci   | utf8mb4_0900_ai_ci |
+------------------------------------------+--------+----------------------------+--------------------------------------------------------------------------------------------------------------------------------------------------------------------------------------------------------------------------------------------------------------------------------------------------------+--------+------------------------+-----------------------------------------------------------------------------------------------------------------------+----------------+----------------------+----------------------+--------------------+
16 rows in set (0.0014 sec)
 MySQL  localhost:3306 ssl  tbd3_ex  SQL > ALTER TABLE nombre_de_tabla DROP FOREIGN KEY registro_pacientes_ibfk_2;
ERROR: 1146 (42S02): Table 'tbd3_ex.nombre_de_tabla' doesn't exist
 MySQL  localhost:3306 ssl  tbd3_ex  SQL > ALTER TABLE nombre_de_tabla DROP FOREIGN KEY registro_pacientes_ibfk_2;
 MySQL  localhost:3306 ssl  tbd3_ex  SQL > ALTER TABLE registro_clientes DROP FOREIGN KEY registro_pacientes_ibfk_2;
ERROR: 1146 (42S02): Table 'tbd3_ex.registro_clientes' doesn't exist
 MySQL  localhost:3306 ssl  tbd3_ex  SQL > ALTER TABLE registro_pacientes DROP FOREIGN KEY registro_pacientes_ibfk_2;
Query OK, 0 rows affected (0.0073 sec)

Records: 0  Duplicates: 0  Warnings: 0
 MySQL  localhost:3306 ssl  tbd3_ex  SQL > ALTER TABLE registro_pacientes DROP FOREIGN KEY registro_pacientes_ibfk_3;
Query OK, 0 rows affected (0.0072 sec)

Records: 0  Duplicates: 0  Warnings: 0
 MySQL  localhost:3306 ssl  tbd3_ex  SQL > SELECT * FROM pacientes;
+-------------+------------+--------------+--------------+------------------+------+--------+----------------------+-----------+---------------+------------------+----------------+-------+-----------------+
| paciente_id | nombre     | apellido_pat | apellido_mat | fecha_nacimiento | peso | altura | numero_seguro_social | genero    | telefono_casa | telefono_trabajo | telefono_movil | otros | nss             |
+-------------+------------+--------------+--------------+------------------+------+--------+----------------------+-----------+---------------+------------------+----------------+-------+-----------------+
|           1 | Georgi     | Facello      | Facello      | 1960-02-20       |   93 |   1.99 | 10001                | masculino | NULL          | NULL             | NULL           | NULL  | 33-21-03-1005-9 |
|           2 | Bezalel    | Simmel       | Simmel       | 1952-07-08       |   88 |   1.69 | 10002                | femenino  | NULL          | NULL             | NULL           | NULL  | NULL            |
|           3 | Parto      | Bamford      | Bamford      | 1953-09-29       |   62 |   1.88 | 10003                | masculino | NULL          | NULL             | NULL           | NULL  | NULL            |
|           4 | Chirstian  | Koblick      | Koblick      | 1958-09-05       |   93 |   1.84 | 10004                | masculino | NULL          | NULL             | NULL           | NULL  | NULL            |
|           5 | Kyoichi    | Maliniak     | Maliniak     | 1958-10-31       |   86 |   1.89 | 10005                | masculino | NULL          | NULL             | NULL           | NULL  | NULL            |
|           6 | Anneke     | Preusig      | Preusig      | 1953-04-03       |   86 |   1.54 | 10006                | femenino  | NULL          | NULL             | NULL           | NULL  | NULL            |
|           7 | Tzvetan    | Zielinski    | Zielinski    | 1962-07-10       |   56 |   1.77 | 10007                | femenino  | NULL          | NULL             | NULL           | NULL  | NULL            |
|           8 | Saniya     | Kalloufi     | Kalloufi     | 1963-11-26       |   78 |   1.82 | 10008                | masculino | NULL          | NULL             | NULL           | NULL  | NULL            |
|           9 | Sumant     | Peac         | Peac         | 1956-12-13       |   85 |   1.64 | 10009                | femenino  | NULL          | NULL             | NULL           | NULL  | NULL            |
|          10 | Duangkaew  | Piveteau     | Piveteau     | 1958-07-14       |   92 |   1.71 | 10010                | femenino  | NULL          | NULL             | NULL           | NULL  | NULL            |
|          11 | Mary       | Sluis        | Sluis        | 1959-01-27       |   96 |   1.96 | 10011                | femenino  | NULL          | NULL             | NULL           | NULL  | NULL            |
|          12 | Patricio   | Bridgland    | Bridgland    | 1960-08-09       |   63 |    1.9 | 10012                | masculino | NULL          | NULL             | NULL           | NULL  | NULL            |
|          13 | Eberhardt  | Terkki       | Terkki       | 1956-11-14       |   81 |   1.64 | 10013                | masculino | NULL          | NULL             | NULL           | NULL  | NULL            |
|          14 | Berni      | Genin        | Genin        | 1962-12-29       |   67 |   1.74 | 10014                | masculino | NULL          | NULL             | NULL           | NULL  | NULL            |
|          15 | Guoxiang   | Nooteboom    | Nooteboom    | 1953-02-08       |   60 |   1.55 | 10015                | masculino | NULL          | NULL             | NULL           | NULL  | NULL            |
|          16 | Kazuhito   | Cappelletti  | Cappelletti  | 1959-08-10       |   97 |   1.71 | 10016                | masculino | NULL          | NULL             | NULL           | NULL  | NULL            |
|          17 | Cristinel  | Bouloucos    | Bouloucos    | 1963-07-22       |   66 |   1.91 | 10017                | femenino  | NULL          | NULL             | NULL           | NULL  | NULL            |
|          18 | Kazuhide   | Peha         | Peha         | 1960-07-20       |   88 |   1.51 | 10018                | femenino  | NULL          | NULL             | NULL           | NULL  | NULL            |
|          19 | Lillian    | Haddadi      | Haddadi      | 1959-10-01       |   85 |   1.61 | 10019                | masculino | NULL          | NULL             | NULL           | NULL  | NULL            |
|          20 | Mayuko     | Warwick      | Warwick      | 1959-09-13       |   96 |   1.78 | 10020                | masculino | NULL          | NULL             | NULL           | NULL  | NULL            |
|          21 | Ramzi      | Erde         | Erde         | 1959-08-27       |   91 |   1.61 | 10021                | masculino | NULL          | NULL             | NULL           | NULL  | NULL            |
|          22 | Shahaf     | Famili       | Famili       | 1956-02-26       |   70 |   1.81 | 10022                | masculino | NULL          | NULL             | NULL           | NULL  | NULL            |
|          23 | Bojan      | Montemayor   | Montemayor   | 1960-09-19       |   86 |    1.8 | 10023                | femenino  | NULL          | NULL             | NULL           | NULL  | NULL            |
|          24 | Suzette    | Pettey       | Pettey       | 1961-09-21       |   79 |   1.74 | 10024                | femenino  | NULL          | NULL             | NULL           | NULL  | NULL            |
|          25 | Prasadram  | Heyers       | Heyers       | 1957-08-14       |   91 |   1.95 | 10025                | masculino | NULL          | NULL             | NULL           | NULL  | NULL            |
|          26 | Yongqiao   | Berztiss     | Berztiss     | 1960-07-23       |   75 |   1.91 | 10026                | masculino | NULL          | NULL             | NULL           | NULL  | NULL            |
|          27 | Divier     | Reistad      | Reistad      | 1952-06-29       |   57 |    1.6 | 10027                | femenino  | NULL          | NULL             | NULL           | NULL  | NULL            |
|          28 | Domenick   | Tempesti     | Tempesti     | 1963-07-11       |   62 |   1.72 | 10028                | masculino | NULL          | NULL             | NULL           | NULL  | NULL            |
|          29 | Otmar      | Herbst       | Herbst       | 1961-04-24       |   77 |    1.6 | 10029                | masculino | NULL          | NULL             | NULL           | NULL  | NULL            |
|          30 | Elvis      | Demeyer      | Demeyer      | 1958-05-21       |   93 |   1.64 | 10030                | masculino | NULL          | NULL             | NULL           | NULL  | NULL            |
|          31 | Karsten    | Joslin       | Joslin       | 1953-07-28       |   95 |   1.52 | 10031                | masculino | NULL          | NULL             | NULL           | NULL  | NULL            |
|          32 | Jeong      | Reistad      | Reistad      | 1961-02-26       |   84 |    1.6 | 10032                | femenino  | NULL          | NULL             | NULL           | NULL  | NULL            |
|          33 | Arif       | Merlo        | Merlo        | 1954-09-13       |   92 |   1.77 | 10033                | masculino | NULL          | NULL             | NULL           | NULL  | NULL            |
|          34 | Bader      | Swan         | Swan         | 1957-04-04       |   69 |   1.56 | 10034                | masculino | NULL          | NULL             | NULL           | NULL  | NULL            |
|          35 | Alain      | Chappelet    | Chappelet    | 1956-06-06       |   57 |   1.55 | 10035                | masculino | NULL          | NULL             | NULL           | NULL  | NULL            |
|          36 | Adamantios | Portugali    | Portugali    | 1961-09-01       |   62 |   1.99 | 10036                | masculino | NULL          | NULL             | NULL           | NULL  | NULL            |
|          37 | Pradeep    | Makrucki     | Makrucki     | 1954-05-30       |   60 |   1.75 | 10037                | masculino | NULL          | NULL             | NULL           | NULL  | NULL            |
|          38 | Huan       | Lortz        | Lortz        | 1954-10-01       |   97 |   1.88 | 10038                | masculino | NULL          | NULL             | NULL           | NULL  | NULL            |
|          39 | Alejandro  | Brender      | Brender      | 1959-10-01       |   92 |   1.78 | 10039                | masculino | NULL          | NULL             | NULL           | NULL  | NULL            |
|          40 | Weiyi      | Meriste      | Meriste      | 1959-09-13       |   97 |   1.84 | 10040                | femenino  | NULL          | NULL             | NULL           | NULL  | NULL            |
|          41 | Uri        | Lenart       | Lenart       | 1959-08-27       |   80 |    1.9 | 10041                | femenino  | NULL          | NULL             | NULL           | NULL  | NULL            |
|          42 | Magy       | Stamatiou    | Stamatiou    | 1956-02-26       |   69 |   1.91 | 10042                | femenino  | NULL          | NULL             | NULL           | NULL  | NULL            |
|          43 | Yishay     | Tzvieli      | Tzvieli      | 1960-09-19       |   65 |   1.95 | 10043                | masculino | NULL          | NULL             | NULL           | NULL  | NULL            |
|          44 | Mingsen    | Casley       | Casley       | 1961-09-21       |   90 |    1.8 | 10044                | femenino  | NULL          | NULL             | NULL           | NULL  | NULL            |
|          45 | Moss       | Shanbhogue   | Shanbhogue   | 1957-08-14       |   90 |   1.97 | 10045                | masculino | NULL          | NULL             | NULL           | NULL  | NULL            |
|          46 | Lucien     | Rosenbaum    | Rosenbaum    | 1960-07-23       |   85 |   1.53 | 10046                | masculino | NULL          | NULL             | NULL           | NULL  | NULL            |
|          47 | Zvonko     | Nyanchama    | Nyanchama    | 1952-06-29       |   78 |   1.65 | 10047                | masculino | NULL          | NULL             | NULL           | NULL  | NULL            |
|          48 | Florian    | Syrotiuk     | Syrotiuk     | 1963-07-11       |   76 |   1.58 | 10048                | masculino | NULL          | NULL             | NULL           | NULL  | NULL            |
|          49 | Basil      | Tramer       | Tramer       | 1961-04-24       |   99 |   1.55 | 10049                | femenino  | NULL          | NULL             | NULL           | NULL  | NULL            |
|          50 | Yinghua    | Dredge       | Dredge       | 1958-05-21       |   78 |   1.54 | 10050                | masculino | NULL          | NULL             | NULL           | NULL  | NULL            |
|          51 | Hidefumi   | Caine        | Caine        | 1953-07-28       |   54 |   1.84 | 10051                | masculino | NULL          | NULL             | NULL           | NULL  | NULL            |
|          52 | Heping     | Nitsch       | Nitsch       | 1961-02-26       |   85 |   1.59 | 10052                | masculino | NULL          | NULL             | NULL           | NULL  | NULL            |
|          53 | Sanjiv     | Zschoche     | Zschoche     | 1954-09-13       |   52 |   1.53 | 10053                | femenino  | NULL          | NULL             | NULL           | NULL  | NULL            |
|          54 | Mayumi     | Schueller    | Schueller    | 1957-04-04       |   75 |   1.72 | 10054                | masculino | NULL          | NULL             | NULL           | NULL  | NULL            |
|          55 | Georgy     | Dredge       | Dredge       | 1956-06-06       |   97 |   1.61 | 10055                | masculino | NULL          | NULL             | NULL           | NULL  | NULL            |
|          56 | Brendon    | Bernini      | Bernini      | 1961-09-01       |   91 |   1.63 | 10056                | femenino  | NULL          | NULL             | NULL           | NULL  | NULL            |
|          57 | Ebbe       | Callaway     | Callaway     | 1954-05-30       |   91 |   1.96 | 10057                | femenino  | NULL          | NULL             | NULL           | NULL  | NULL            |
|          58 | Berhard    | McFarlin     | McFarlin     | 1954-10-01       |   99 |   1.96 | 10058                | masculino | NULL          | NULL             | NULL           | NULL  | NULL            |
+-------------+------------+--------------+--------------+------------------+------+--------+----------------------+-----------+---------------+------------------+----------------+-------+-----------------+
58 rows in set (0.0008 sec)
 MySQL  localhost:3306 ssl  tbd3_ex  SQL > SELECT * FROM PACIENTES WHERE paciente_id=1;
+-------------+--------+--------------+--------------+------------------+------+--------+----------------------+-----------+---------------+------------------+----------------+-------+-----------------+
| paciente_id | nombre | apellido_pat | apellido_mat | fecha_nacimiento | peso | altura | numero_seguro_social | genero    | telefono_casa | telefono_trabajo | telefono_movil | otros | nss             |
+-------------+--------+--------------+--------------+------------------+------+--------+----------------------+-----------+---------------+------------------+----------------+-------+-----------------+
|           1 | Georgi | Facello      | Facello      | 1960-02-20       |   93 |   1.99 | 10001                | masculino | NULL          | NULL             | NULL           | NULL  | 33-21-03-1005-9 |
+-------------+--------+--------------+--------------+------------------+------+--------+----------------------+-----------+---------------+------------------+----------------+-------+-----------------+
1 row in set (0.0005 sec)
 MySQL  localhost:3306 ssl  tbd3_ex  SQL > SELECT * FROM cuarto WHERE paciente_id=1;
ERROR: 1146 (42S02): Table 'tbd3_ex.cuarto' doesn't exist
 MySQL  localhost:3306 ssl  tbd3_ex  SQL > SELECT * FROM cuartos WHERE paciente_id=1;
+-----------+-------------+---------------+----------------+-------------+
| cuarto_id | paciente_id | numero_cuarto | inicio_estadia | fin_estadia |
+-----------+-------------+---------------+----------------+-------------+
|         1 |           1 |           121 | 2017-04-10     | 2017-04-17  |
+-----------+-------------+---------------+----------------+-------------+
1 row in set (0.0006 sec)
 MySQL  localhost:3306 ssl  tbd3_ex  SQL > DELETE FROM pacientes WHERE paciente_id = 1;
Query OK, 1 row affected (0.0034 sec)
 MySQL  localhost:3306 ssl  tbd3_ex  SQL > SELECT * FROM cuartos WHERE paciente_id=1;
Empty set (0.0004 sec)
 MySQL  localhost:3306 ssl  tbd3_ex  SQL > SELECT * FROM cuartos WHERE paciente_id=1;
Empty set (0.0004 sec)
 MySQL  localhost:3306 ssl  tbd3_ex  SQL > SELECT * FROM direcciones_pacientes WHERE paciente_id = 1;
Empty set (0.0004 sec)
 MySQL  localhost:3306 ssl  tbd3_ex  SQL > SHOW TRIGGERS;
+-----------------------------------------------------+--------+-------------------+------------------------------------------------------------------------------------------------------------------------------------------------------------+--------+------------------------+-----------------------------------------------------------------------------------------------------------------------+----------------+----------------------+----------------------+--------------------+
| Trigger                                             | Event  | Table             | Statement

                                  | Timing | Created                | sql_mode
                                                                                     | Definer        | character_set_client | collation_connection | Database Collation |
+-----------------------------------------------------+--------+-------------------+------------------------------------------------------------------------------------------------------------------------------------------------------------+--------+------------------------+-----------------------------------------------------------------------------------------------------------------------+----------------+----------------------+----------------------+--------------------+
| actualizacion_en_cascada_cuentas_pacientes_detalles | UPDATE | cuentas_pacientes | BEGIN
    UPDATE cuentas_pacientes_detalles SET cuentas_pacientes_id = NEW.cuentas_pacientes_id WHERE cuentas_pacientes_id = OLD.cuentas_pacientes_id;
END | AFTER  | 2024-12-07 14:17:14.02 | ONLY_FULL_GROUP_BY,STRICT_TRANS_TABLES,NO_ZERO_IN_DATE,NO_ZERO_DATE,ERROR_FOR_DIVISION_BY_ZERO,NO_ENGINE_SUBSTITUTION | root@localhost | utf8mb4              | utf8mb4_0900_ai_ci   | utf8mb4_0900_ai_ci |
| borrado_en_cascada_cuentas_pacientes_detalles       | DELETE | cuentas_pacientes | BEGIN
    DELETE FROM cuentas_pacientes_detalles WHERE cuentas_pacientes_id = OLD.cuentas_pacientes_id;
END                                                | AFTER  | 2024-12-07 14:16:55.15 | ONLY_FULL_GROUP_BY,STRICT_TRANS_TABLES,NO_ZERO_IN_DATE,NO_ZERO_DATE,ERROR_FOR_DIVISION_BY_ZERO,NO_ENGINE_SUBSTITUTION | root@localhost | utf8mb4              | utf8mb4_0900_ai_ci   | utf8mb4_0900_ai_ci |
| actualizacion_en_cascada_direcciones_empleados      | UPDATE | empleados         | BEGIN
    UPDATE direcciones_empleados SET empleados_id = NEW.empleados_id WHERE empleados_id = OLD.empleados_id;
END                                      | AFTER  | 2024-12-07 14:17:53.75 | ONLY_FULL_GROUP_BY,STRICT_TRANS_TABLES,NO_ZERO_IN_DATE,NO_ZERO_DATE,ERROR_FOR_DIVISION_BY_ZERO,NO_ENGINE_SUBSTITUTION | root@localhost | utf8mb4              | utf8mb4_0900_ai_ci   | utf8mb4_0900_ai_ci |
| borrado_en_cascada_direcciones_empleados            | DELETE | empleados         | BEGIN
    DELETE FROM direcciones_empleados WHERE empleados_id = OLD.empleados_id;
END                                                                     | AFTER  | 2024-12-07 14:17:36.59 | ONLY_FULL_GROUP_BY,STRICT_TRANS_TABLES,NO_ZERO_IN_DATE,NO_ZERO_DATE,ERROR_FOR_DIVISION_BY_ZERO,NO_ENGINE_SUBSTITUTION | root@localhost | utf8mb4              | utf8mb4_0900_ai_ci   | utf8mb4_0900_ai_ci |
| actualizacion_en_cascada_formas_pago                | UPDATE | formas_pago       | BEGIN
    UPDATE formas_pago_pacientes SET forma_pago_id = NEW.forma_pago_id WHERE forma_pago_id = OLD.forma_pago_id;
END                                  | AFTER  | 2024-12-07 14:19:28.85 | ONLY_FULL_GROUP_BY,STRICT_TRANS_TABLES,NO_ZERO_IN_DATE,NO_ZERO_DATE,ERROR_FOR_DIVISION_BY_ZERO,NO_ENGINE_SUBSTITUTION | root@localhost | utf8mb4              | utf8mb4_0900_ai_ci   | utf8mb4_0900_ai_ci |
| borrado_en_cascada_formas_pago                      | DELETE | formas_pago       | BEGIN
    DELETE FROM formas_pago_pacientes WHERE forma_pago_id = OLD.forma_pago_id;
END                                                                   | AFTER  | 2024-12-07 14:19:16.47 | ONLY_FULL_GROUP_BY,STRICT_TRANS_TABLES,NO_ZERO_IN_DATE,NO_ZERO_DATE,ERROR_FOR_DIVISION_BY_ZERO,NO_ENGINE_SUBSTITUTION | root@localhost | utf8mb4              | utf8mb4_0900_ai_ci   | utf8mb4_0900_ai_ci |
| actualizacion_en_cascada_cuartos                    | UPDATE | pacientes         | BEGIN
    UPDATE cuartos SET paciente_id = NEW.paciente_id WHERE paciente_id = OLD.paciente_id;
END                                                        | AFTER  | 2024-12-07 14:13:04.72 | ONLY_FULL_GROUP_BY,STRICT_TRANS_TABLES,NO_ZERO_IN_DATE,NO_ZERO_DATE,ERROR_FOR_DIVISION_BY_ZERO,NO_ENGINE_SUBSTITUTION | root@localhost | utf8mb4              | utf8mb4_0900_ai_ci   | utf8mb4_0900_ai_ci |
| actualizacion_en_cascada_cuentas_pacientes          | UPDATE | pacientes         | BEGIN
    UPDATE cuentas_pacientes SET paciente_id = NEW.paciente_id WHERE paciente_id = OLD.paciente_id;
END                                              | AFTER  | 2024-12-07 14:14:42.66 | ONLY_FULL_GROUP_BY,STRICT_TRANS_TABLES,NO_ZERO_IN_DATE,NO_ZERO_DATE,ERROR_FOR_DIVISION_BY_ZERO,NO_ENGINE_SUBSTITUTION | root@localhost | utf8mb4              | utf8mb4_0900_ai_ci   | utf8mb4_0900_ai_ci |
| actualizacion_en_cascada_formas_pago_pacientes      | UPDATE | pacientes         | BEGIN
    UPDATE formas_pago_pacientes SET paciente_id = NEW.paciente_id WHERE paciente_id = OLD.paciente_id;
END                                          | AFTER  | 2024-12-07 14:15:45.72 | ONLY_FULL_GROUP_BY,STRICT_TRANS_TABLES,NO_ZERO_IN_DATE,NO_ZERO_DATE,ERROR_FOR_DIVISION_BY_ZERO,NO_ENGINE_SUBSTITUTION | root@localhost | utf8mb4              | utf8mb4_0900_ai_ci   | utf8mb4_0900_ai_ci |
| actualizacion_en_cascada_direcciones_pacientes      | UPDATE | pacientes         | BEGIN
    UPDATE direcciones_pacientes SET paciente_id = NEW.paciente_id WHERE paciente_id = OLD.paciente_id;
END                                          | AFTER  | 2024-12-07 14:18:45.20 | ONLY_FULL_GROUP_BY,STRICT_TRANS_TABLES,NO_ZERO_IN_DATE,NO_ZERO_DATE,ERROR_FOR_DIVISION_BY_ZERO,NO_ENGINE_SUBSTITUTION | root@localhost | utf8mb4              | utf8mb4_0900_ai_ci   | utf8mb4_0900_ai_ci |
| borrado_en_cascada_cuartos                          | DELETE | pacientes         | BEGIN
    DELETE FROM cuartos WHERE paciente_id = OLD.paciente_id;
END                                                                                     | AFTER  | 2024-12-07 14:12:31.06 | ONLY_FULL_GROUP_BY,STRICT_TRANS_TABLES,NO_ZERO_IN_DATE,NO_ZERO_DATE,ERROR_FOR_DIVISION_BY_ZERO,NO_ENGINE_SUBSTITUTION | root@localhost | utf8mb4              | utf8mb4_0900_ai_ci   | utf8mb4_0900_ai_ci |
| borrado_en_cascada_cuentas_pacientes                | DELETE | pacientes         | BEGIN
    DELETE FROM cuentas_pacientes WHERE paciente_id = OLD.paciente_id;
END                                                                           | AFTER  | 2024-12-07 14:14:21.59 | ONLY_FULL_GROUP_BY,STRICT_TRANS_TABLES,NO_ZERO_IN_DATE,NO_ZERO_DATE,ERROR_FOR_DIVISION_BY_ZERO,NO_ENGINE_SUBSTITUTION | root@localhost | utf8mb4              | utf8mb4_0900_ai_ci   | utf8mb4_0900_ai_ci |
| borrado_en_cascada_formas_pago_pacientes            | DELETE | pacientes         | BEGIN
    DELETE FROM formas_pago_pacientes WHERE paciente_id = OLD.paciente_id;
END                                                                       | AFTER  | 2024-12-07 14:15:28.43 | ONLY_FULL_GROUP_BY,STRICT_TRANS_TABLES,NO_ZERO_IN_DATE,NO_ZERO_DATE,ERROR_FOR_DIVISION_BY_ZERO,NO_ENGINE_SUBSTITUTION | root@localhost | utf8mb4              | utf8mb4_0900_ai_ci   | utf8mb4_0900_ai_ci |
| borrado_en_cascada_direcciones_pacientes            | DELETE | pacientes         | BEGIN
    DELETE FROM direcciones_pacientes WHERE paciente_id = OLD.paciente_id;
END                                                                       | AFTER  | 2024-12-07 14:18:18.10 | ONLY_FULL_GROUP_BY,STRICT_TRANS_TABLES,NO_ZERO_IN_DATE,NO_ZERO_DATE,ERROR_FOR_DIVISION_BY_ZERO,NO_ENGINE_SUBSTITUTION | root@localhost | utf8mb4              | utf8mb4_0900_ai_ci   | utf8mb4_0900_ai_ci |
+-----------------------------------------------------+--------+-------------------+------------------------------------------------------------------------------------------------------------------------------------------------------------+--------+------------------------+-----------------------------------------------------------------------------------------------------------------------+----------------+----------------------+----------------------+--------------------+
14 rows in set (0.0016 sec)
 MySQL  localhost:3306 ssl  tbd3_ex  SQL > DESC pacientes;
+----------------------+------------------------------+------+-----+---------+----------------+
| Field                | Type                         | Null | Key | Default | Extra          |
+----------------------+------------------------------+------+-----+---------+----------------+
| paciente_id          | int                          | NO   | PRI | NULL    | auto_increment |
| nombre               | varchar(100)                 | NO   |     | NULL    |                |
| apellido_pat         | varchar(100)                 | NO   |     | NULL    |                |
| apellido_mat         | varchar(100)                 | NO   |     | NULL    |                |
| fecha_nacimiento     | date                         | NO   |     | NULL    |                |
| peso                 | double                       | NO   |     | NULL    |                |
| altura               | double                       | NO   |     | NULL    |                |
| numero_seguro_social | varchar(15)                  | NO   |     | NULL    |                |
| genero               | enum('masculino','femenino') | YES  |     | NULL    |                |
| telefono_casa        | varchar(20)                  | YES  |     | NULL    |                |
| telefono_trabajo     | varchar(20)                  | YES  |     | NULL    |                |
| telefono_movil       | varchar(20)                  | YES  |     | NULL    |                |
| otros                | varchar(255)                 | YES  |     | NULL    |                |
| nss                  | varchar(15)                  | YES  |     | NULL    |                |
+----------------------+------------------------------+------+-----+---------+----------------+
14 rows in set (0.0016 sec)
 MySQL  localhost:3306 ssl  tbd3_ex  SQL > SELECT * FROM direcciones_pacientes WHERE paciente_id = 58;
+-----------------------+-------------+--------------+
| direccion_paciente_id | paciente_id | direccion_id |
+-----------------------+-------------+--------------+
|                    61 |          58 |           48 |
+-----------------------+-------------+--------------+
1 row in set (0.0005 sec)
 MySQL  localhost:3306 ssl  tbd3_ex  SQL > DELETE FROM pacientes WHERE paciente_id = 58;
Query OK, 1 row affected (0.0029 sec)
 MySQL  localhost:3306 ssl  tbd3_ex  SQL > ups
                                        -> ;
ERROR: 1064 (42000): You have an error in your SQL syntax; check the manual that corresponds to your MySQL server version for the right syntax to use near 'ups' at line 1
 MySQL  localhost:3306 ssl  tbd3_ex  SQL > SELECT * FROM pacientes WHERE paciente_id=57;
+-------------+--------+--------------+--------------+------------------+------+--------+----------------------+----------+---------------+------------------+----------------+-------+------+
| paciente_id | nombre | apellido_pat | apellido_mat | fecha_nacimiento | peso | altura | numero_seguro_social | genero   | telefono_casa | telefono_trabajo | telefono_movil | otros | nss  |
+-------------+--------+--------------+--------------+------------------+------+--------+----------------------+----------+---------------+------------------+----------------+-------+------+
|          57 | Ebbe   | Callaway     | Callaway     | 1954-05-30       |   91 |   1.96 | 10057                | femenino | NULL          | NULL             | NULL           | NULL  | NULL |
+-------------+--------+--------------+--------------+------------------+------+--------+----------------------+----------+---------------+------------------+----------------+-------+------+
1 row in set (0.0005 sec)
 MySQL  localhost:3306 ssl  tbd3_ex  SQL > UPDATE pacientes SET paciente_id = 57 WHERE paciente_id = 58;
Query OK, 0 rows affected (0.0004 sec)

Rows matched: 0  Changed: 0  Warnings: 0
 MySQL  localhost:3306 ssl  tbd3_ex  SQL > SELECT * FROM pacientes WHERE paciente_id=58;
Empty set (0.0005 sec)
 MySQL  localhost:3306 ssl  tbd3_ex  SQL > SELECT * FROM direcciones_pacientes WHERE paciente_id = 57;
+-----------------------+-------------+--------------+
| direccion_paciente_id | paciente_id | direccion_id |
+-----------------------+-------------+--------------+
|                    60 |          57 |           12 |
+-----------------------+-------------+--------------+
1 row in set (0.0004 sec)
 MySQL  localhost:3306 ssl  tbd3_ex  SQL > INSERT INTO direcciones_pacientes (paciente_id, direccion_id) VALUES (57, 100);
Query OK, 1 row affected (0.0027 sec)
 MySQL  localhost:3306 ssl  tbd3_ex  SQL > UPDATE pacientes SET paciente_id = 58 WHERE paciente_id = 57;
Query OK, 1 row affected (0.0024 sec)

Rows matched: 1  Changed: 1  Warnings: 0
 MySQL  localhost:3306 ssl  tbd3_ex  SQL > SELECT * FROM direcciones_pacientes WHERE paciente_id = 58;
+-----------------------+-------------+--------------+
| direccion_paciente_id | paciente_id | direccion_id |
+-----------------------+-------------+--------------+
|                    60 |          58 |           12 |
|                    62 |          58 |          100 |
+-----------------------+-------------+--------------+
2 rows in set (0.0004 sec)
 MySQL  localhost:3306 ssl  tbd3_ex  SQL > SELECT * FROM formas_pago_pacientes WHERE paciente_id = 58;
+-------------------+-------------+---------------+----------+
| forma_pago_pac_id | paciente_id | forma_pago_id | detalles |
+-------------------+-------------+---------------+----------+
|                57 |          58 |             5 | NULL     |
+-------------------+-------------+---------------+----------+
1 row in set (0.0006 sec)
 MySQL  localhost:3306 ssl  tbd3_ex  SQL > sS